// Jest Snapshot v1, https://goo.gl/fbAQLP

exports[`correct render Search should render Search component 1`] = `
<input
  class="sc-eqUzNf gtrqmr"
  placeholder="Пейсхолдер!"
/>
`;
